Column 1: [3, 4, 2, 1, 3, 3]
Column 2: [4, 3, 5, 3, 9, 3]
