Found 2462 XMAS words:

.............Y..1111...........2222...........3...4.5.......^666.......7....8a.`b...9999......e.........AAAABBBCCCC....DDDD..E....F.........
h.j.........Y............m.n..........G........3...5.....Hp..^IIII..JJJJ...8..a..b............te....v...K...LLLLMMMM........E.....F....N....
.hgj.O{....Y.............m.nP........G......|.Q.3.5.4....pH...^..TRRR7...}8..`.a..b..........tU.e....v.V.K..W....X.......E.....F...N.....
..h.j.O{..Y.............Zm[nP.\.....G..]....|.Q.5.....p..H.._T.S.....8}.`...a.b....c...tU.e...v...KW....X.....E......F..N......
.fghik.O{.......llll...Z.m[nP.\... ..].....|.......p....H_q.rs......}.....¤......c.t...d..Vv..WwwwwX¨...........y...N...zzzz
..f.kª..O{....­.......Z...[.P.\.... ]......|Q.....o...²._T.´sS...µ...}.....¤.....¶~~º....dV..uW....X.¨........yx.........¿.
...kª.......­.......Z...[...\....Å .............o..²_...q´...µ..........¤...¶.Ê.ºÌ...Íu.......¨...Î...y.x......¿..
..kªi......­..........Ò.......Å .¡¡¡¡...Ó¢¢¢.o...²....£..qsÖ´.µ....Ø.....Ú.¤..¶..Ê...¥ºÌ...Í.§¦¦¦.......¨.....Î.y..x....©Ý¿.Ü
..ª....¬¬¬­«««..â......®®®äÒ¯¯.å..æ.Å°°°°...±±Ó±.....²....£....Ö.´µ...Ø.....Ú....¶.·Ê.¸..¹¥ºÌ...Í..».¼....è½........Î.....¾¾¾¾¿ÝÀÜ.
...Á......ÂÂÂÂ.â.....ê.....äÒ.Ã.åÄ.æ.Å.........ÓÆ.Ç......£....ÖÈ.É³..Ø....ñÚ.......Ê·ò¸.¹ô.öËËÌ.§.Í÷.¼.....è..½.......Î.....©...ÀÝ.
..Á...Ï........â.ú.Ð...Ñê....äÒ.Ã.å..æ.......ÿ.ü.ÓÆÇ.ÔÔÔÕ£....Ö...É..³.Ø......Úñ.ă.......·ò¹.ôóö.Ĉ.Ċć..Č÷ċ»...è....½............Û.©...ÀÜ.ÝÞ
.Á....ĒÏß...à.â.ú..Ð...Ñ.ê.ã...äĕ.ÃÄå..æ.......ÿ.ç..Ç.....Õ......ĖÉ.È..³×.....Ù..ñ.ă......Ě¹ò.ôěö.ĄĈĆĊ.ĉ¼Č÷.».è......½ğ.......ġĠÛ.....À....Þ
Á....Ē..Ïß..àá.ú...Ðé..Ñ..ëã..ìĕìî.Ä....ï.ð.Ħħü.ÿ.çĪÇĭ.īĬ..Õ....ĖÉ...İ..×....Ù....ñ.ă......Ě.óõěö.ĄąĈćĊ.ċ.Č÷...ĳ.......ğ......Ġġ......øøøøùÞ
....Ē.ķ..Ïß.á.ú....ĺĸé.Ļ.ë.ã..ĕ.î.í....ï.ð.Ħħü.þ.ÿ.ĩĪĀĭīĬ...Õ..Ė..āāİā..×...Ù....Ă...ă.....ŃĚŁłě..ą.Ćĉ.ċ...Č..ĳņččĎ..ď..ğ..Ň.ĠÛ.ġ.......ĐĐĐĐ
đđđĒ...ķ...áà.ēēēē..ĺ.Ĺ.Ļ..ã.ĕĔĔĔ..í..ï.ð.Ħħ..þ.ý..ĩŊĪ.ĭĬ...Ō.Ė....İ.......ėėėė.ŒĂ.œŐ..Ŗ.ŔĘ.ŃĚłěõ..Ś..ř.ś...ĝĳņĜ.Ď..ď.ĞŜ.ğŇ.Ġ....ġ......ù...
...ĢĢĢĢ.ķģĤ.ĥ.......ĸĺ.ţ.Ļ....î.....Ťï.ð.Ħħ..þ.ûĨĨĨĩ.ŊĪīĭĮ.Ō..ŧ..Ūİ..ũ..........ŎŒ.Őœ...ŖŔıŁ.Ńł..õ.ŘŚř...ś.Ĳĳņ..Ď..ď..ĞŜ.Ň..ŰĴĴĴĴ.....ĵù....
...Ų..ĶĶĶķĤ.ĥ.......Ĺ.ĺ.ţ.ļĽ.........Ť..ľ..Ŀþŵ..û.ý..ĀŊ...Ō.Ŷ.ŧ..ŨŪįũŷ......ŀŀŀŀŎĂŒ..œ...ŖŁ.ĘęŃ....ŘřŚ....śńņŅŅŅ..Ž...ĞŜŇ....Ű.......ĵ......
....Ų.....Ĥģĥ............ţ.ƃĽ.ƅƂ......ŤňňňňĿ.ŵ.........ŋ.Ō.Ŷ..ŧ..Ũ.Ūŷ....ō...Ɖ..ŏŐ.Œ..œ.ıŔŗ..ę..Ɗ..ř..Ś..Ĳ.śń..ĝ.Ž....Ğŝ..ƎŞ..Ű..Ə.şşşŠ....š
.....Ų.ŢŢŢŢ.ĥ...........ļ.ţ.ƃƁƂƅ.......Ť..ľĿťŵ.Ɣ..Ɩƕ..ŋŉƗŦŶŦŦ.ŧ..ŨũŷŪƚ...ōūūūƜƉŬŬŬŬő...ƞ.ŗ.ŕ.....Ɗ....Ƣ.Ĳ....ń..Ž....Ů.ůůƎů.Ş..ŰűűƏű.Š.....š
...Ƥ..Ų...............ųļ....ƁƃĽ.ƅ.ŴŴŴŴ...ƪ.Ŀťŵ.Ɣ..Ɩ..ŋ.Ɨ.Ŷ........ŷ...ƚŹŸŸŸ..źƜƉźƮŏőŻ.ƞ.ŗ...ŕ.....Ɗ...Ƣ.....ż.ńŽ....Ůŭ.žƎžž..Ş.....ƏŠ.ſƯ...š
ƀƲƤƱ.................ų.....ƁƂ.ƃ..ƅƄƄƄ...ƨ.ƪ.ť..Ɣ.ƕƖ.ŋ.Ɨŉ.....Ɔ..Ƹ.....Źƚ.ƇƇƇƇ..ƜƉƈƮƈ.ƞ.ŗ.....ƺ.....Ɗ..Ƣ..ƾ.żƽ.....ƋŮƌŭ.Ǝ..ŝ.ǁ.Ş....ŠƏſƯ....š
ƑƤƲƐ...ǆƒ......ǈ....ų..........Ǐ.ǎ.ƓƓƓƓƨ...ƪť..Ɣƕ.Ɩ..Ɨ....Ƙ...Ɔ..Ƹ.ƙ.Ź.Ǔƚ....ǔƛƛƜ..ƮƞƝƝƝ......ƺ.ƠƟƟơơơƢ...ƾ.ƽ....ƋŮƌ.ŭƍ......ǁ.ƣ....ſƯ......
ƤƱƀƲ..ǆƒ......ǈ...ƥǝƦƦƦǜ......ǌǏǎ.Ƨ...ƨ.ǟ..Ǟƪ...ƫ...Ƭ.....Ƙ....Ɔ..Ƹ.Ź...Ǔ...ǔ.......Ʈƭƭƭ..ǥ....ƺ.Ơ.......ż.ƾƽ...Ƌ.ƌ..ƍ........ǁ....ſƯ......ư
ƱǧƑƀƲǆƒ......ǈ.ƳƳƳƳƴǝ.ǜǩ.....ǌ.Ǐ.Ƨ.....Ƶ.ǟ.Ǟ.Ʃ.ƫ...Ƭ.Ǯ.ƶ..Ƙ..ƷƷƷǰƙ.ƹ.....Ǔ.ǔ.............ǥ.....ǲƺǴƠ.......ƻ.ƾƼƼƼ.ƌ..ƍ..ƿǀ....ƣ.ǁ..ǃǂǂǄǄǄǄ.ư.
..ǧƑǆƒǇ.....ǈ...ƥǊǊǊǊǝǩǉ....ǌ.ǎǏƧ.....Ƶ...ǟǞ..ƫ...Ƭ.Ǯ.ǐ.ƶ.Ƙ....Ǒƙǰƹ...ǒ...ǔǸ.....ǹ..ǕǕǕǕǥ.....ǲ.Ǵ..Ơ.ǖ...ƻ.Ǘ..........ǘƿ.ǀ..ƣ....ǃ.Ǽ.....ư..
...ǧ.ǅ.Ǉ......ǙƥǛ..ƴǜǩǝ......Ǎ.ǿ.....Ƶ.....ǟ.ƫ.Ʃ.Ƭ.Ǯ.ǐ...ƶǠǡ..ǣ.Ǒƹǰ.ǤǤǤǤ....Ǹ...ǹ......ǥ.....ǲ.Ǵ.....ǖ..ƻȄ..Ǘ..ȇ......ǘƿǦ.ǀ.....ǃ.Ǽ.....ư.Ȋ.
....ǧ.ǅ.ǇȌǨǨǨȏ.Ǜǚ..ƴǩ.Ǫ.....Ǎ.ǿ..Ȓ..ȑǫ..ǬǬǬǭǭǭǭ...Ǯ.ǐ.....ƶǠǡǣǢ.ǯǯǯǰǒǱǱǱȔ..Ȗ.Ǹ.ǹ.ȗ........Ș.ǲȚǴ......ǖ.ƻȄ....Ǘȇ...ț...ǘƿ.Ǧ.ǀ...ǃ.Ǽ....ǵ...Ȋ.
....ǶǶǶǶ.ǇȌ...ȏ.ǚ......Ǫ...ȟȞǿ.ǋ..Ȓ.ȑ.ǫ..........ȡ.ǐ........ǣǡǢ...Ǒǒ...Ȕ..ǷǷȖǷǹ...ȗǺ......Ș.Țǳ.......ǻǻȄǻ..Ȥ.ȇǗ....ț..ǘ...Ǧ.....Ǽǽǽǽǽ..ǵ.ȥȊ.
..........ǾȌǾȦ.ȏǚǙ......Ǫ..ȟǿ..Ȁ...Ȓȑ..ǫ...ȫ...ȁȡ...Ȃ......ǣ.ȭǢ.......Ȕ.ȲȃȃȃȵȖȴ...ȸȗȷ.....ȘȚǳ.........Ȅ..ȅȤ.ȇ....Ƚ..ț......Ǧ..Ɂ.ɃȈɄȉɂ..Ɇȥ.Ȋ.
..........ɇ.ȌɉȦȍȐ........ǪȞȟ.Ɋ..Ȁ...Ȓ..ȓǫ...ȫ..ȡ...Ȃ.....ɋ...ȭ.......Ȕ.ȯ.Ȳ.ȕ.ȵȖ..ȶȸȷȗ.....Țǳ.............Ȥɏ.Ȇ.....Ƚ..ț.......ȿ.ɁȈɃȉɄ...ȥɆǵ..
.......Ȝ..ɇ.ɒȋɉȦȝȝȝɓ.....Ȟ.ȠɊ...ɖȀə...ɗ.ȓ....ȫȡȁ..Ȃ.....ɋȢ...ȭ........ȯɜ..Ȳȣȴ.ȵ.ȶ.ȸǺ.......ș.ɡ...ɠ.ɢ....Ȥɏ..Ȇ......Ƚ..ɤ.....ȿ.ɥȈɁȉɃ.Ʉ.ȥ..Ɇ..
........Ȝ.ɇ..ɒȐɉȦ.ɓɨ......ȠɊ.ɪ.ȧȧɖȧə.ɗ..ɬȨȨȨ.ȩȫȁ.Ȃ..Ȭ..ɋ.Ȣ...ȭ.......ȯɜȰ.ȱȣȴ.ȕ.ȶ.ȷȸ.......ȹ.ɟ.ɡ.ɠȺɢȺȻ...ɏɰ..Ȇ......ȼȽɤ.....ȿȾɥȾ.ȉɂ.Ƀ.Ʉ.ɳɅɅɆ.
.........Ȝɇ..ɶɒɵɉɓɨɸ.....ȠɊ...ɪ...ɖ.ə..ɬɼ.ȓ...ȩȪ.....Ȭɋ..Ȣ.......Ɍ...ɜȮ.Ȱȣȳ...ȕ...ɍɍɍɍ...ȹ.ɟɎʀ.ɡ.ɢ.Ȼ...ɏ..ɰ.......ȼ.ɤ.......ɥ....ɀɐ.....ɳ...
.ʄ....ɑ...Ȝ...ɶɒɓɨ..ɸ...Ƞ...ɔʇɕɪɕʈ.ɗ.əɬɘʉɼ.....ȩȪ.ɚ...Ȭ..Ȣ......ʋɛɛɛɜ..Ȯʏȳ.ȱ....ɝ.......ȹ.ɟ.Ɏʀɠ.ɢɣȻ........ɰ..ʔ.ʗȼʕɤ..ʘ....ɥ.....ɀɐ.....ɦɳɦɦ
ɧɧʄɧ.ɑ.......ɵ.ɶɨ.ɩ..ɸ.....ɔ..ʇ.ɪʛʈ..ɬɫʉɫ.ɼ.....ʜʞɚʝɭɭɭɭ..ʟ....ʋ.ɮ.Ɍ....ʢʏȰ.ʡ..ɝ...ʤ...ȹ.ɞ..Ɏʀ.ɯɣȻ..........ɰ.ʔʓȼʗʕ..ʘ...ʦ...ɱɱɱɱʪɐ.ʬɲɲɲ..ɳ.
ɴ..ʄɑ.......ɵ.ʲʴɷɩ....ɸ...ɔ..ɹɹʇɹ.ʛʈɺ.ʉɻ...ɼʵ..ɽʜʞʝ.......ʟ...ʋ...ɮ.ʸ....ʢʏʡ..ɝʹɾ...ʤ.ɿɿɿɿ..Ɏʀ.ɣɯ.....ʁʁʁʼ....ʔ...ʗ.ʘ...ʦ...ʂ...ʪ.ʃʬʃʃ......
.ɴ.ɑʄ........ʲʴɷɩ.....ʅʅʅʅ..ʆʆʆʆʇ..ʛʈʉɻ.....ʵ..ɽʜʞɚ...˄...ʟ..ʋ...ʌ.ʸ...ʍ..ʢʏ.ɝʹ.ɾˇ...ʤ.ɞʐ.....ɣ..ɯ.......ʑʼ..ʓʔ...ʖʘ...ʦ...ʂ...ʪ..ʬ...ˉ.....
ˊ.ɴ...ˌ.ʙʙʙʙʲʴɷʚʚʚʚ...............ɺ.ʛɻ......ʵ..ɽʝʞ.....˄..ʟ.˙.ʊ˘.˗ʸ.˛.ʍ..ʡ.ʢʎʹ..ɾ.ˇ...ʤ..ʐ.˝˞.˜...ɯ.ˠ....ʑ.ʼʒ.....ˢʖ.ˣʦ...ʂ..ʨʪ..ʬ.ʭ.ˉ.˦...˨
ˊ..ɴ...ˌʮʰ.ʲʴɷ.˫.ˬ......˭˱.˯.....ɺ..ɻ.....˴.ʶ..ɽ..ʷ.....˄....˙.˘˗ʸ.ʌ.˛..ʠ...ʹʎ˸.ɾ˷ʺˇʺʺ.ʣʻ.ʐ.˝˞....˹ˠ.....ʑ.ʒʼ.....ˢ.ˣ..ʥ.ʂ...ʩʨ.ʫ˻ʭ.ˉ˼.˦.ʽ˨.
ˊ.......ˌʮʯʳʾʾʾʾ˫.ˬʿ....˭.˱˯..........ˀ..˴.ʶ.ˁˁˁˁʷ......˂˄....˙˘ʊ...ʍ.˛ʠ...̄.˅ʎ˸˶˷ˆ.ˈ...ʣʻ.ʐ˜˝˞...ˠ˹.....ʑʒ.......ˢˣ.ʖ..ʥ...ʩʧ.ʫ.˻.ˉ˼..˦.˨..
ˊ.....̋ˋˋˍʳʱ.....˫ʿˬˎ...˭ˮ.˱...ːːːˑˏˏˏ.ˀ˴.ʶ.˒.˓˓˓˓˔..̐...˃˕...˗˙......ʠ˛..̄..˅.˶˸˷.ˈ.....ʣʻ˜..˝˞.ˠ..˹.....ˡˡˡ̕....ˣ...ˤˤˤˤ.ʩ.ʧʫ̘ʭ˻.˼..˥˦˨ʽ..
...˪˩̋˩.ˍʳ.ʱ̝̚..̛ʿ˫.ˬˎ..ˮ..˯˱....ˑ˳˲˲˲.˴ˀ̟...˒.̠.˔..̐....˃˂˕̣˖̡˵.......˚.̄...˅˶.ˆ˸ˈ........ʻ....˟...̦˹̧̥...̨̕.....̩..˺.........̘.˻˼.̫..˧.ʽ..
....̋..ˍ.....̝.̛ʿ..˽˿̮ˎ̯...̴˰̲..ˑ.̵˳.....ˀ̟.́.̷̠̂̂̂̐....̃˃.˂̡̣.˵.......˚̄...̽̿.̾.ˈ.............˟...̅.̦.̧..̨̇̆̕.....̩˺..........̘.̈.̫..˧.˥...
̊̊̊̋̉̉̉..̓...̝̌̚...˿.˾̮ˎ̯.̴̱̲̍.ˑ..̵.˳....̟̠̎̎̎.̷̏̏̐......̃.˖̣˕.˵..̑....˚...̽.̿̾....͈.......̔̒̒͊....̅..̧̦̥̇̕..̨.̖̖̖̖˺̩..̗.......̘̈.̫͎.˧̙̙̙̙..
......˪.̓....̛̝̌..˿˽..˾̮.̯.̱˰̴..͓.̵͕.͔....́.̠̞̞͖.̷........̡̣̃..˵.̤̤̤̤.....̽..̿....͈.......̔.͉̓.͊...̅...̧̦̇....̨...˺..̩..̗.....̪̈.̫.͎....̬̬̬̬
̭......̓.....̌.̜.˿.˽...̮͜.̴̰̱̳͓̍..̵͕͔..͡.́͠....̶̶̷͖.....͢..̸̸̸̢̹̹̹̹̃̑.̺̻.̽..̾̿...͈.......̔..͉̓..͊..̅...̇...̀.............̗...̪́ͭͬ..͎.͂͂͂͂...
̭.....̓.....̌..̜......͜ͱ.Ͳ...͓̍....͕....͡.͠......͖.̈́̈́̈́̈́͢....̢..͆ͅ....̻̺͇͇͇͇̑.Ͷ..͈.......̔..͉..ͷ..͊...͸....̀.......͍͋͋ͻ..ͼ.̗ͽ́..ͭͬ..͎.Ϳ.͏͏͏͏.
̭...͐..΀.......΃.͒͒͒͒͜ͱ͑Ͳ....͓.̳..͔͕.΋...͡͠.......͖...͢.....̢.Ώ͆.̻͗͗͗͗..̺̼..͵.Ͷ͘Β.............ͷ...͙.͸.͚..̀..Ζ..Θ.͍.͌ͻ...ͼ.ͽ́....̪ͭ...ΛͿ.....
Μ..͐..΀.......΃.͛͛͛͛͜ͱ.Ͳ........̳.͞.͟͟΋͟..͡..........͢..Ρ..ͣ.Ώ͆ͅ...ͤ΢ͦ..ͧͨͨ͵ͨ..Ͷ.Β............ͷ....͸..Φ͚Χ...ΕΖ.ΩΘͪͪͻͩΪ.ͫͼͽ́.....ͬͭ..Λ..Ϳ....
.Μ͐..΀.ͮͮͮͮ..΃...έͯͯͱ.Ͳί....ΰ....͞͝....΋................Ρ...Ώδ.γ.β.΢ͦͥ.ͳͳͳ͵ε...͘Ͷ.Β..ι........ͷ...͸.͙.Φ.Χ...Ε.ΖͺΩΘͻ͹Ϊ͹.ͫͽ..........Λυ...Ϳ...
χ͐Μ.΀...΁΁΁ψ΃΂΂ϊ΄έ΅..Ͱί......ΰ..͞.͝..·Ή.Ό...΍.ΎΎΎΎ..ώ...Ρ..Ώ.ͣδγβ.΢ͦ.ͥ...ΐεΐΑ..͘...Βι......Γ......ΔΔΔΔΦ.Χ͚..Εϓ.ΖΗΩΘΪΙ..ͫ.....Κ....Λ.υ....;..
.χ.ΝϚϙϘ...ψ...ϊ..έ΅.ΞίͰ.......ΰ͞Ϟ.͝..ΆΈΌΊ..΍.Ο..Π..ώϠ...Ρ.....ͣδ.΢ͦ..ͥͤ.ΣεΣΤΤΤΤ....ι...ΥΥΥΥ.Γ.........ΦϤΧΨΨΨΨϓ..Η.ΪΙ.ϧ.Ϩ....Κ.......υ...ΫΫΫΫ
..χ.άϚάά.ψ...ϊ...έ΅.ίήήή.......ΰ.Ϟ...ΆΌ·Ί.΍..Ο.ΠϮ.ώ..Ϡ..ϱ.α...βγδ.......ε....ʹΑ...ικ.ν..ο....Γ.........ϣϤρςστϓττΗ.Ι.Ϧ϶ϧ.Ϩ..Κ........φ......;
.Ν.χϘϙϚ.ψ...ϊ.....΅΄.ϸΞ...όϋϋϋ....Ϟϼ.ϺΈ.Ί΍..ϽΟΠ.Ϯώ....Ϡ..ϱ.α....Ϗ..............Ѐ.θζηνλμοξ.Ђ..ϐЄϑЃϒІЇЅ..ϣЉϤσЈ.ϓ..ΗΙϔϦ϶ϕϖϧ.Ϩϗϗϗϗ.....φ........
Ν..Ϙ.ϙ.Ϛ..ϛ..ω.....Ϝ.ВϸΞϝ..ό.......Ϟϼ......Ͻ.Π..Ϯ.Н.ЛϟϟϠ..ϱ.α..Ϗ......Ϣ.......Ѐ.θ.ζνηλομξ..Ђϐ..Єϑ.ϒІЇ..ϣςЉϤЈ..ϥϥϥϥϦ϶.ϖ..ϧ.Ϩ.......φ.ϩϩϩϩ....
Ϫ......У..ϬϫϫХω....Ϝ..Вϸ....όϭϭϭϭ..Ϻ.ϼ....Ͻ....ύϮ.ЗНЛ.ϯϯϯϯϰϱ.αϏϲϲϲϲ..Ϣ.ϡ....ϳЀϳϳ..ν..Ьκ.Ю..ϐЂϴЃ.ЄϑЅϒІЇ.ςаЯЉЈρ.....϶.ϖϕ.....д.....ж..........
Ϫ.....Уй...ϬХ..ω...Ϝ..ϝВϸϷϷϷϹό....Ϻϻϻϻϼ..Ͻ....м...З.НϾϾϾϾ.ϿϿϿн......Ϣ...ϡ...Ѐ.........Ь.ЫЮϐ.ϴЃЁЁЁЅϑ.ϒІЇ..а.Љ.....ϵ.ϖЊϕЋ.ЎЌвЌд...ж...с.......
Ϫ....У.АйААХЏу.....Ϝ.БББГ...Ϲ............Е...ЖЖмЖ.ЗЙЛНПС.Т..н......Ϣ.....ϡ.............ЬЫ.Юϴ.............Яа.....ϵ....Ћ.Ўъв...д.ж.....с......
Ϫ...У....йХ.ЦϬу.Ч......Г....Ϲ...........ЕД....Ш.мЩ.ИКПС.Т..н.ϰ....Ъ............э........Ь.ϴЮ......яѐ.....Я.а...ϵ....ЋбЎ.въЍг..ж.......с.....
......єзи.кФ.Ц.у......Г..л..Ϲ.ќ........Е.Д...ўШ.Щм.ИПСОТ.Рн.....ѡ.Ъ..........оэоо.......Ѥп..Э.ѧ...я.ѐ.......р......Ћ.Ўбѫѭѩъѳ.еѲ.ѷѵ..ѹ.Ѹс....
.....єз..кттттЧѺу....Ѽ..ѽфл....ќ......ѿ..Ѿ...ўШЩ...ПС.Т.М.Р....ѡ..Ъҁ..҂......э...҃.....ххѤхц.Ѧ.ѧ..я..ѐ.....р.....ч.ш.щ.бѫѭ.ъѳѯѲѱѶѷ...ѹ...҈..
҉...єз.ык.и..ЧѺЦ..ҏ..Ѽ.ѽ..фл...ьќ......ѿ.Ѿ...ўЩ...............ѡ...Ъҁ.҂......э...҃...ғюююҔ.Ѥ.Ѧ.Э.ѧ.яҖ..ѐ...рҘђ.....ш.Қ.щѨгѫѭеѯѳѲѵѶ.ѷ.Ѹҝѹ..҈ѓ.
҉..єзѕык...ііѺї.јљљҏљѼѽ....фҢњњњҡќ..ѝ..ңѿѾ...ў.џ.Ѡ...........ѡѢѢѢѢ.ҁ҂..ѣ.......҃....ғ.пҔ.ц.Ѧ.....ѧҨҖ.....рҘђёҩ...ш.ч.ҚѨщ.ѩѫѯ.ѱѵ.Ѷ..Ѹ.ҝ.ѹ.҈ѓ.
҉Ҭҭ.ѕы......Ѻ.ѻї.ј..ҏѽ......фҢ.ҡҮћ.ѝ..ң..ѿҀ.ү..џѠ....ҳ.............҂....ѣ.....҃..ҷ..ғ.Ҕ.҄҄҄҄..҅..҇ҨҖ҇҆҆҆.Ҙђ.ёҩ..Һ...ч.Қ.щ.ѮѬҼѴ.ҽ.....ҝ...҈ѓ.
҉Ҭ.ҭӀҊҊҋӁҌҌҌҌ.ѻ.ї.јҍ.ҏ......ь.ҢҮ.ћѝӃ.ң.Ӆ.Ҁ..ү..Ѡ...ҐҳҐҐӇ.................ѣ.......ҷ.ҒғҔ...ѥ..ҕҕҕҕ.ӈҨҖҗҗҗҗҘђ.ӊёҩ...Һ.....қҙҙҙѬҼѰ..ҽҜҜҜҜҝ....ѓ.
.Ҭѕ.ҭӀ..ҋӁ...Ҟѻ..їҟјҍҎӎ.Ҡ....ҡҮҢ.ѝӃ.ң...Ӆ...ү.Ѡџ...ҳ..Ӈ......ӑҤҤҥ......ҦҦҦҦ......ҷ.ґҒ.Ӕ.ҧҧҧҧ҅...ӈ.Ҩ.......ӊ..ҩ....Һ.ӘҪҪҪӗ..ѴҼѰ...ҽ..........
әҬҫҫҫҭӀ..ҋӁ..Ҟѻ..ҟ...ӎ...Ҡ...Ү...Ӄ.....Ҁ.Ӆ..Ұ..ұ..ҳ..Ӈ.Ӝ.ҵҵҵҵҴӑҴ.ҥ....ҶҶҶҶӠ......ҷ.ґҸӔҸҸ...҅...ӈ........ҹӊ.........Һ.Ә.ӗһ...Ҽ....ӣҽ....Ҿ....
ә......Ӏ..ҋӁ.Ҟӂӂӂӂ..ӎӧҍ...Ҡ.....Ӄ....ӄӄӄӄ.Ӆ..Ұ.өұҲ..ӇӪӜ........ӑ..ҥ.......ӮӠ.....ӯ.ґӔ.Ғ.......ӈ......ӉӉӉӊҹ..........қ.Әһ.Ӷ.....ӷӋ.ӣ.....Ҿ...
ә...ӌ...ҿ....Ӻ.ӍӍӍӍӎӧ......Ҡ.....ӏӏӏӏ.........Ұ.өұ..ӪӜ...Ӑ......ӑ..ҥ.Ԁ...Ӓ.ӮӠ...ӯ..Ӕ.....Ԅ.......ӕ........ҹ.......ӖӖӖӗһӘ..Ӷ...ӷӋ...ӣ.....Ҿ..
әԊ.ԇ.ӌ...ҿ....Ӻ..Ԏ.ӧ.................ԏ......ӛ..Ҳ.өұӪӜ.ӆ...Ӑӝ....Ԑ...Ԁ...ӞӒӟӟӮӠ.ӯ..ӓ.......Ԅ....ԓԔ.ӕ.ӡӡӡӡ...ҹ.........һ.....Ӷ.ӷӋ.....ӣ.Ӥ...Ҿ.
..Ԋ.Ӧӥӥӥ..ԙ.Ԙ..Ӻ.Ԏӧԝ..Ԝ...............ԏ....ӛ.Ӛ....ӪӨӨӨ.ӆԡ.ӝӐ...ӫԐ..Ԁ.ӬӬӬӭӒ...Ӯӯ..ӓ.......ӰӰԄӰӱԓԔ.Ӳ.ӕ..Ӵ.....................ӷӋ......ӸӸӸӸ....
.ԇ.Ԋӹӹӹӹ.ԗ.ԙ....ӺԎ..ԝ.Ԝ...........ӻӻӻԯӼԏӼ.ӛ.ӽ.ӚӾ.....ӿ.ԡ.ӝ..Ӑ.ӫ.Ԑ.Ԁ...Ӟӭ.Ӓ...԰..ӓԂԁԁԲԃ......ԄԓԔ.Ӳ...ӕ.ӳӴ....................ӵ.....ԅԅԅԅӢ.....
ԇԈԈԈԋԌ..ԗ.Ԙ.ԙԍ...ԎԶ..ԝԜ.......Ը.......ԯ.ԏӛ...ӽ.ԻӾ.Ծ...ԡ.Կ....ӫ..ԐԒ...Ӟӭ...Հ...԰..Ԃ..ԃԲՄ...ՃՅԓԔ.Ӳ......ӳ.Ӵ........ԕ..........ӵ....Ԗ.Ӥ...Ӣ....
ԆӦ.ԋՌԌՉԗ.ԘՍ.ԍԙԚ...Զԛԛԛԝ...Ց.ԞԸԞԞ.......ԯ......Ի..Ӿ.ԾՓԡԟԿԟ...ӫԢ..Ԓ.ԑ..ӭ....Հ....԰.Ԃ.ԃԣՂԲՄ.Ճ.Յ..Ӳ.ӱ..Ԥ..՚..Ӵ......՜ԕ....՝.....ա.....Ԗ........Ԧ
Ԇ.ԋ..ՌՉԧ.Ս.ԍ...ԚԨԨԶԩԪ...բ..ՑԸԬդ....ԭ.ԮԮԮԯ....Ի.ӽ..Ӿ.ԾՓԿ.ӿ.....ԢԒ...ԑ......Հ.....԰Ԃԃ.Ղԣ.ԲՄԱԱՅ.......Ԥ...՚ԳԳԳԳ...խ.՜...՝....ԴԵ.ակ....Ԗ......Ԧԥ
Ԇԋ..ՈԌՌԉՍձԍ.....Ԛ.ԶԪ...ԷԷբմԸՑ.ԫդ..ԭԹ...Ժ....ԻնԼԼԼ....ԿՓԽԽ.....ԒԢ....ԑ.....Հ........Ղ..ԣՃ.Մ.Ն.պ.....Ԥ..ՇՇ՚Շս.....խԕ՜.՝.....Դ.Ե.ակ....Ԗ....Ԧ.ԥ
...Ո.ԧՊՍձՐՎՎՎ....ԚԪԩ......բմ.Ւ.ԫդԭ..Թ.Ժ......ն...ր.....ՓԠ.......Ԣ.......Ք......ՖՖՖՖՕՕՕ.ԣ՗փՆ.՘.պ.ՙ..Ԥ.....՚.ս....՛խ.՝.....՞՞՞՟Եօակՠՠ.....Ԧ..ԥ
....ԧ֊.ձ.ՏՐ......Ԫ.ԩ.֋....֍բմ...ԭդգգգԺ....֎..նեեր֑...........֒.......զզզզ....էէէէ..Ձ.ըըըըփ..՘..պ....թ..ժի...սլ...՛խ.......Դ՟.օԵ..կծծծ......հ
֗...֊.ձՋՊՏ.Ր........֋.ղ....֍.մ.յ....Ժ.֞....֎.ն.ր..֑.........֒......շ..Ք.......չոոո.Ձ..՗.Նփ..՘.ՙ.պ....թ..ի.ջջջս...վվվվ֦....՟.օ.֨.֩.......֭.հ֬
֗..֊...Ջ.Տ..Ր..֯...֋.ղ.ֲֳ.ֱ.֍.ճ.յ...տ֜.֞....֎.ր...ִ֑.......֒..ֹ.ַ...շՔ.ց.....չ....ւ..ֺ...փ..ּՙ.......׀թ.իժ.լ..ռ....՛.֤֦..՟.օք֨ք..֩....և։ֈ֭ֈ֬
֗׃֊.............֯׆֋.ղ...ֱֲֳ֌.֍.ճ.յ..֜տ..֞....֏...ִ..֑֐֐֐.׊֒....ֹ.....շց.׌..׍չ....ւ....ֺ...ּ֓֓֓֔....֕׀֕֕թ׏.լ....ռ.....֤.֦.֖..֨.....֩..ևד։հ.֭֬
֘֙׃.........֚....֯׆ղ....ְֲֳ֛֛֛֛.ճ.י֜.ט֝֝֝֞֟֟֟֟..ִ...כ.֠...׊...ַ.ֹ...מցշ׌֡.׍נ..֢.ւ......ֺ.ס..ּ..֔...׀...֣׏.......ռ....֤..֦.֖֨.......֩և֪֫דֆ..֭
.֙.׃.צ...ש֮ק.֚....֯׆...ְ.֌ֲֳ.......יט..տ...֏...ִ....כ.ֵֵֵֶ.׊.ַ...ָֹמָ.׌.׮׍..נ֢ױւ........ֺ.ס.ֻֻֽ־־־׀....֣׏ׁׁׁׁ...........֥.ׂׂׂׂ.....և.֪֫׳דֆ..
.֙֘.׃.צ...ש֮ׄ.֚...ׅ.׆...֌....ׇ....׷טי...׈.֏׸......׹.כ.ֶ.֠׻׉׉׊.....מ..׌.׮׍.֡.֢נ.ױ.׎........׿ס.....؀ֿ....֣א........ב......֥..ג֖֧...؄..֫..׳.ד..
.֙؉֘؈..צ.ק.ש֮ׄ.؋؊ׅ....הו...ח..ׇ..׷ט..י...׈׸ךךךך...׹.כ.ֶ..֠׻....ל.מ....׮.؏..֢ן.נ.ױ.׎...ؒ.ؐ.׿.ס.....؀....֣.א.עעעע.ב.ؓ..ؔ..֥.ג...֧.؂.؄ףףףפ׳֪...
..؉؈ץ...ק؝ؘ.שؚׄ؊؋....ה..ותח׫׫׫׫ׇ׷........׸׈....׬..׹...ֶ....׻....ם...׭׮.׋.؏ׯװװװװ..ױ.׎...ؒ.ֽ׿.......آ؀......א....ב...ؓ..ؔ..ג.....؂...؄..פ׳ײײײ.
..؉.ץ.....؝.ؚר؊ׅ׶؋״״ה...תח...ז.׷ׇ....خ.ج׸ث.׈.د׬...׹..׺׺׺׺...׻..ם.ל..׭ذ..׋.؏.׽.ן.....׎׾ؐ.ؒ.׿.....زآ..؀......א..ב.....ؓ..ؔג...؁.؂..ص؃؃؄.פ؅؆...
.؈؉.ץ.....ؘ؝.؊ר׶.׵،؍؍؍؍תח.ط...ז......ةخجثظ..د׬.ع......؎؎؎؎....ؼ...ל.׭.ذ...ׯ؏׼׽.ן....ؿؐ׾..ؒ..ف...آز....ل.م............ؓ..ؕ...؁.ؖؖؖؖص.ؗ.פن؅؆ه.
ًو؇يى.....ؚ.؝؛؛؛.،׵...ת....ط..ِ.ٓ...ْة؞خ؞؞ظد׬...ع...ٖ...ٕ......ؼ....ٙ.ٛذٝ.ٞ.׼.׽..؟...ؿ.׾..ؑفؠؠؠآ٠أزؤإلإإمئ........ا....ؕ....؁...٣..ص..ن..ه؆.
.ً.ي....ب..ؙ؜׶..،..׵........طِ...ٓ.ْ.تثجخ.دظ.....ع...ٖ.ٕ........ؼ..ٙ.ٛ.ٝذ.ٞ.׼..׽؟...ر.ؿ.׾.فؑ..٨٠ء.٧زل...م........ا....ؕ..س..٩..٣..ؗ.صن..ه.؅؆
.وًي؇..ب٫...؜..،.......ضضضض.ِط....ٓ...ت.ح...ظ.....عغ..ٖ.....ػ....ؼٙ.ٛ.ٝ...ٞ..ؽ.؟...رٰ..ؿ.ف..ؑ.٠٨ق٧.لكككئم.......ا....ؕ..س..٩..٣..ؗ..نش.ه....
.ى.ً..ب٫ٌ...؜ٍٍَؙٹ......ُ..ِّ....ْ.ٓ...تح........ٔ..غٕ.ٗ...ٿڀػ...ٙٚٛ.ٝ....ٞ.ؽ.؟..ڃر.ٰ..ؾ.ـڅٟٟ٠..٨.ء...ئ...١....ا٢......س..٩..٣...ڊ...ڈش...ڍ.
.....ب٫ڏ.ٌ...َ..ٸ.ٹ......ُ.ّ.٤....٥.....ڐ.........ٔ..غٗ...پ٦ٿڀػ..ړٚڒٜ......ؽ.....رڃ.ٰ..ؾ.ـ.څڕ..٧ق٨.......١......٢.....س..٩.ږ٪.....ڊ.ڈ..ش..ڍ.
.....٫٬ڏ..ٌ.َ..ٸ.ښ.ٹ......ّڞ.ڜ٤ڟڝ٥..ڡ..٭ڐ.........ڢٔ.ٗغ.ڣپ.٦.ٿڀػڥ.ړڒ......ڧ..ٮٮٮٮٯٯڃٱ..ؾٲـٳڕڅ...ڪ.ڬ..ڭٴٴٴٴ...ٶ.ٷٷٷٷ.......ږ..٪.....ڊ......ڍ.
.......ڏ...َ..ٸ...ښ.ٹ..ٺ.ّ.ُڞڜ.ڝڟ....ڡ..ڐ..ټٻٻٻٽ...ڢٗ..ڣپ..٦..ٿڀڥ.ٜړ٘....ڧ.ځ.....ڂڂڂڃ..ٲ.ڄڕڄڷڅ.کڪچچڬچګڭ١....ٶٵ..٢........ږ....٪ڹ..ڈ.ڊ.ڌ...ڎ.
.......ڏ٬..........ښ..ٺۀ.....ڞڝ٥٤ڟ..ۅہڡۄڐ٭ۉڑڑڑ..ٽ...ڢ.ڣ....٦...ۋڥ..ڒړ...ڧ...ځ.ۍ.ڔڔڔڔ..ٲ..ڕٳ.ڷ.ک.ڪ...ڬګ.ڭ...ٶ.ٵ..........ږ......ۏڹڗڗ..ډڋڌےڎۑ.
.........٬ژژژژ......ښٺۀ.ڛ....ڝڞ...ڟ.ۂۅۄڡڠۆڠۉ.ټ...ٽ...ڣ........ۋڤڥڦڦڦڦ..ڧ.ە.ڨ.ۍ...ٱ...ٲ....ٳ.ڷک..ڪ....ڬ..ڮ.ٶ..ۚ.ۘۙ..ۛگگگ.........ۏڹ....ڋ.ےۑ..
۞.۝...ڱڱڱڲڰڰڰ......۟ٺۀ۠ڛ....ڳڳڳڳ...ہۂۄۅ.ۆ...ۉ.ۢڴ..ٽ..........ۋڤ..........ە..ۍ.۩ڵڵڵ.........ڶڷ.......ڸ..ڮ...۪..ۚ.ۙ.ۛ..۬.........ڇۮۏڹ.ں.ڋڎےڌ..
ڻ۞۝.......ڲ.ڼ..ڽ.ھ.۟ۀ۠ڛ.........۰۲ہ.ۄ..ۆ...۵.ۉۇۢ۷........۸ۊ.ۋڤ...........ە.ۍ.ۦ۹۩ۺ.........ڶ.....ۼ....ڸڮ...۪..ۘ.ۚۙۛ..۬...ێ..۾.....ۮۏ..ںېۑے...
ڻ.۞...܁....ڲ.ڼ.܂ھ..۟۠ڛ.ڙ........۰.۲ۃ........۵ڴۈ.ۢ۷ۓۓۓۓ...ۊ۸.ڤ.......۔܅.܇.ەی.ۦ.ڨ۹۩ۺ.......ڶ.......ۼ...۪ۖۖۖۖ..ۘ...ۛ..۬...ێ..۾..ۜۜۜۜ܋ۮ...ںې....
ڻ.۝۞...܁....ڲ.܂ھ.ڽ.۠ڿ........ܒܑ.۰.ۃ۲..ܕ.....ܖ۵.ۈ.ۢ۷ۡۡ.ܗ.ۊܙۤ۸ۣۣ...ܛ.۔܅.܇..یۥۦ.ۨ..۹۩ۺܞ....ڶ...ܟܡ..ܢ.ۼ....ڸ۪..ܥۗܦ....۬۫۫۫ێ..۾......ܧ܋ۭۮ...ܨۯۯۯܪ
ڻ..ܫ....܁....܂ھڼ..ڽ.ڿ........ܒ..۱ۃ..۲۴۳ܕ۳..ܖ..۶.ۈ..۷..ܗۊܙ..ۤ۸.....ܛ܅.܇..ی.ۥ.ۨ.ۧ..۹.ۺܞ...ܯ..ܟ.ܡ.ܢ.ۻ.۽........ܥ.ܦ......ێ..۾ܲ....ۿ.ܧ܋.܀..ܨ..ېܪ.
....ܫ....܁..܂......܃........ܑܒ.܄܄܄܄..۴ܷ.ܕ.ܖܹ.۶........ܗܙ...ܽۤ....ܿ܅ܛ܇.....ۥۨ...ۧ.....ܞ...ܯܟ..ܡܢ...۽.݃.......ۗܥ.ܦ...܉܉܉܉܈ܲ܈܊܊܊܊ۿ.ܧ܋..܀ܨ...ܪ..
.....ܫ..݌݋...܌ݍ܎܎܏܍܍܍......ܑ.ܔ....۱..ܷ...ܖܸ.ܹ.......ݏ.ܙ...ܚܚܽܚ..ܿ...ܜ܆....ۨݔ.ݓ..ܝܝܝܝ..ܞ..ܟܯ..ܢܠܠݘ۽.݃.....ܤ....ܥ.ܦ......ܲ......ۿ.ܧ.ݙ.ܨ܀..ܪܩܩܩ
......ܫ݉݋݌...ݍ܌.܏܃........ܐݜܔ.ܓ.ܬܬܬܬܷ۴...ܸ.ݟ.ܹ.....ݏ...ܘ.ݣ...ܽ.ܿ.ݥܭܭܮ.܆.....ݔ..ݧ...........ܯ...ݘ۽.݃.ۻ...ܤ.ܣ........ܰܰܰܲ.......ݯ.ݮ.ݙ...܀ܳ...ܴ
......݉݋..݌.ݍ..܏܃........ܐ.ݜ...ܓ.ܵ.ܷ....ܸ...ݟ.ܹ...ݏݲ....ݣ..ܻܺ.ܼܿݥܼܜܮ.ݴ.܆...ݓ.ݔ..ݧ....݀.݁݁݁݁.݂݂ݘ݂.݃...݄݄݄ݷ..ܣ...........ܱ....݅..ݯݸ.ݙ݆݆݆݇.ܳ.ܴ.
ݼ.ݽ.ݻ݉݋...ݾݍݿ.܏.܌.ހ...ށ.ܐ.ܔݜ.ކނރܓܵܶ.ވ.....މ.ݎݟ...ݏݲ....ݣ.ދ.ܻޏܾ.ݥ.ݐݐݐݑݴ...ޔݓ...ݔ..ݧ.ݕ݀.ݖ.....ݗݘ.ޙ......ܤݷ..ޝ.ޛ..ޜ...ޞ....ܱ....݅ݮ.ݯݸݙ...݇..ܴ..
.ݼ.ݽ..݊..ݾݚ..ݿݛ..ހ...ށޣ....ݝ.ބކݞݞݞަ..ވ...މ...ݎݟ..ݲݡ...ݣ.ދ.ܻތލޏݥݤݤݤݦ..ݴ..ޔݒ........ݧ݀ݕީ.ݖ...ݗ.ޫ..ޙ.....ݷ..ݩ.ޝ..ޜݪݪݪݫޞݭ....ܱ...ݮ݅..ݯݸ...݇.ܴ.ܳ.
..ݼ.ݽ.݈݊ݾ..ݚ..ݿݛހ...ށޣݰ..ݱݝ.ނބ.ކܶܵ.ަ..ވ.މ.....ݎްݲݡޯݠ.ޱ.ދ.ܻތ޲ލ.ޏ.ݳݳݳݳ.ݴݑޔݒ..޴.....ݵ݀..ݕީ.ݖ.ݗ.ݶݶޫݶ.ޙ...ݷ..ݩ.ޛ.ޝޜ....޷ޞ.ݬ.........݅...ݸ.޹݇.޺.ݹݺ
޼ݻ.ݼ.ݽ޽ݾ݈...ݚ..ހݛ..ށޣݰ.߀ݱݝ߁ނރޅ..ކ...ަ.߂މއއއ....ݎްޮޯ.ޱ.ދ.ݢތ.޲ގ..ސݦ.ޒ.ޓ.ޔݒޕ..޴..ޖ...ݵ...߆ީ.ޗޗޗޗ..ޫ..ޙ...ޚݩ.ޛ.ݨޜޝ....޷ޟݫ.ݬ............ޠ.޹.޺..ݺߏ
.޼.....޽ߓޡ..ޢݚ.ߕ.ߔ.ޣݰ..߀ݝ߁..ߘޤޅ..ߖ...ަ߂ާ.ި.....ݡޮްޯޱ.ݠ.ފ.ݢ.޲..ސݦ.ޒ.ޑޓ..ޕ...޴.ޖ.....ݵ..߆.ީ......ުޫ..ޘ..ݩޚߞߡߝߤߠ.ߣߢߦߥ޷..ݫ.ެެެޭ........ޠ.޹޺..ݺߏ.
..޼..ߨ..޽ߓޡ.ޢ..ߕߔ..߬..߫߀߁...ޤߘ.ޅߖ.....߂.ި......ޮ..ޱ.....ފ.ގ޲.ސ޳.ޒ...ޓ.ޕ....޴ޖ.......ݵ.߆.......߷.ު...ޘ޵..ޚߞߡ޶ߤߟߣ.ߥߦ޷..޸....ޭ..߻...߼.ޠ.޺..߽ߏݹ.
...޼.ߨ...޽ߓޡޢ.޾ߕ޿޿޿޿߬߫ࠁ߁...ޤࠂ.ߘߖޅ....ާ߂ި............ࠅ߃߃߄ࠆގ..ސ޳.ޒ....ޓޕ.....ࠈ....߅߅߅߅..߆..߇.߉.߷.ߋ.ު..޵ޘߌ.ߜޚߞߡߠߤߣߥߍߍߦߍ..޸...ޭ.߻...߼..ޠ..ߎ.ߏ߽.ߐ
ߑ..޻.ߨ.ߒߒߒߒߓࠌ޾ߔߕ....߫߬.ࠁ..ޤࠂ..ߖߘ....ާ.ިࠎޥ..........ࠅ..߄..ࠆ..޳.....ࠓ..ߙߙߙࠔ.ࠈ....ߚ........߇.߉.߷.ߋ.ߊ.ߛߛߛߛߌߜ.޶ߝߟߢࠛߥ....ߦ.ߧ.޸..ࠞ߻..ࠝ߼......ߎ...߽.
ߑ..޻.ߨࠟߩߩߪ..޾ࠌ.....߫..߬.ࠁ߭ࠂ߭ࠡ.ࠤࠢߗ.ࠣ߮߯.ࠎ߰߱.........ࠅ..߄...߲ࠆ޳.ࠦ.߳߳߳ߴࠓ.߶ߵࠔࠨࠈ..ࠪ.ࠩ.ߚ.ࠫ.࠮..߇.߉.߷.ߋ...ߊ࠱...ߌ.޶...ࠚࠛ߸.߹.ߺ...ߧ.޸.߻ࠞ.ࠝ߼.......ߎ..ߐ.߾
ߑ߿.޻..ࠟ..ߪ࠴޾..ࠌ......ࠀࠀࠀࠀࠂࠃࠡࠃࠃ.ࠤ.ࠣ߮࠶.ࠎ߰߱.........ࠅ..߄...߲..ࠆࠇࠦ.....ߴࠓ.ࠔ.ࠈࠨ...ࠪࠉࠊ.ࠫ...࠮߇.࠻...ߋ.߈...ߊ࠱࠾.ߌ....ࠚ.ࠛ߸߹ࡁ..ߺ...ߧ....ࠞ.........ߎ.ߐ.߾.
ߑ߿...ࠋࠟࠋࠋߪ࠴....ࠌ........ࠍࠍࠡࠍ...ࠢࠤ߮ߗ࠶ࠎ߰߱....ࡊ.ࡍ.ࡋࠄࡎ....ࠏ߲ࠐ...ࠒࠦࡐ.....ߴࠔ.߶..ࠨ.ࠩ.ࠪࠉࠫࡒߚ...࠮࠻....ࠕࠖࠖࠖࠖࠗ.࠙࠱࠾....ࠚ..ࠛ߹..ࡁ..ߺ...ߧ..ࠝ.ࠞ...........߾..
.߿....ࠟ..ߪ࠴.ࡘ.࡜.࡛...࡝..ࠠ.ࠡ࡟.ࡠ..ࠣ߮ࠤ.࠶߰߱.ࠥࠥࠥࠥࡊ..ࡍࠄ.ࡎ...ࡪ߲ࠐ.ࡩ.ࠒࠑࠦࡐ...ࠧࠧࠧࠧ..࡬..ࠩ...ࠫࠉࠊࡒ.ࠬࠬ࠻࠮.....ࠕ..ࡰ࠯࠯࠯࠘࠱࠾࠲࠲࠲࠲..߹߸...ࡁ..ߺ......ࠜ.࠳࠳࠳ࡳ.ࡲ..ࡴ.߾...
.ࡶ........࠴ࡖࡘࡗ.࡜ࡹ.ࡸ࡝..ࠠ...࡟࠵.ࡠ..ࡼ..࠷...࠸࠸࠸࠸ࡊ࠹ࡋࠄࡍ.ࡎ࠺ࡽࡧ.ࡪ.ࡩ.ࠒ.ࠑ.ࡐࢁ.ࡿ.....࡬ࢂ........ࢃࠊࡒ.࠻..࠭..࢈.ࢇࠕ..ࡰ࠼ࠗ࠽࠽࠽࠾..࠿ࡀ.......ࡁ.........ࠜ..ࡂࡳࡲ..ࡃࡴ.ࡄࡅࡆࡇ
..ࡶ.ࡈࡈࡈࡈ..ࡖ.ࡘ.࡛.࡜ࡹ࡝ࡉࡉࡉࡉ.࢏.࡟...ࡠ.࢒ࡼ࠷....࢔...ࡊࡋ࠹..ࡍࡎ.ࡧࡽࡏࡏࡪࡏ࢕..ࠑ.ࡑ.ࢁࡿ....࡬..ࢂ......ࢃ...ࡒ....࠭.࢈ࢇ..ࠕ࢘࠼ࡰ.ࠗࡓࡔࡔࡔࡔ.ࡀ..................࢙..ࡳ࢚...ࡴ.ࡅࡆࡇ.
...ࡶ..ࡕ..ࡖ.ࡗ࡙࡛..ࡸ࡝ࡹ࢛࢜....࢏࡟࡞࡞࡞.ࡠ࢞࢒ࡼࡡ.ࡢ..࢔..ࡣ.ࡤ࠹..ࡌࡧࡨࡨࡽࡩ.࡫࢕.....ࡾ.ࢁ...࡬࡭࡭࡭࡭ࢂ...࡮ࢃ࡮ࢦ.....ࢧ..࠭࢈...࢘࠼..ࡱ࡯࡯ࢫ.ࢩ..ࡀ࠿ࢬ...............࢙..ࡲࡳࡂ࢚..ࡵࡅࡆࡇ..
....ࡶ..ࡕ.ࢰ.࡙࡚..ࡸ...ࡹ࢜...࠵.࢏ࡺ....ࡻ࢞࢒ࡼ..ࡢ..࢔ࡣ.ࡤ..࠹.ࡦࡌࡥ.࠺ࡽ࡫.࢕....ࡾ.ࡑࡿࢁࢀࢀࢀ.....ࢂ..ࢃ...ࢦ..ࢷ.ࢄࢧࢅࢇ࢈..࢘࠼..ࡱࡓࢻࢋࢉࢫࢉ.ࢿࡀ.࠿ࢬ....ࢌ........࢙......ࡂ࢚ࡵࡅࡆࡇ...
.......ࢍࢰ.࡙࡚...ࡷ....࢛࢜....ࣃ࢏ࢎࢎࣄ..࢐࢞࢒࢑࢑࢑ࡢ.ࡣ࢔ࡤ....ࡦ..ࡌࡥ.࡫..࢕.......ࣆ࢖࢖࢖......ࣇࢗࢗࢗࢗ...ࢦࢷ..ࢄ.ࢧ...࢘...ࡱࡓࢻࢋ.ࢩ.ࢫࢽ.ࢿ...ࢬ..ࢌ࣊..࣋....࢙.....࣐..ࡵ࢚......
.࣑.࣒...ࢰ.࡙࡚....ࡷ....࢛.࢜.࢝ࣃ࢝࢝.ࡺ.ࣄ࢐..࢞....ࣖ࢟ࡤ࢓...ࣗ.....ࢠࢠࢠࢡ.ࢢࢢࢢࢢࣙ..ࣆ...ࣜࢣࢣࢣࣛ..ࣇࢤ.ࢥ...ࢷࢦ..ࢄࢆࢅࢧ...ࣞ.ࡱࢨࢻࢨࢨࢩࢪࢪࢽࢫ..ࢿ...ࢬࢌ..࣊ࢮࢭ࣋ࢭࢯ࣡......࣐࣎ࡵ........
..࣑࣢࣒.ࢰࢍࢱࢲ....ࣣࡷ.....ࣦ..ࣃ.....ࡺ࢐ࣄ......ࣖ࢟...࢓..ࣗ.ࢳ.....࣪ࢡ....ࣙ...ࣆ....ࣜࢴࣛࢵ...ࣇࢤ.ࢥ࣯ࢷࢶࢶ࣮.ࣰ.ࢸࢸࢸࢸࣞ...ࢻࢋ....ࢽࣳ...ࣲࢿࢾࢾࢾ....࣊ࢮ.࣋..࣡.....࣎.࣐......ࣷ.
..࣢࣑.࣒.ࢍࢲࣹ.ࣸ..ࣣ..ࣀ.ࣁࣦࣻࣂࣃ....ࣼ.࢐..ࣄ....ࣖ࢟.....࢓.ࣗ..ࢳ.....࣪..ࣅࣙࣅऀ.ँࣆ....ࢴࣜ.ࢵ....ࣇࢤ.࣭࣯.࣮.ࣰ.....ࣞः..ࢺࣈࣈࣈࣈ.ࢼ..ࣳ.ࣲ...ࣉ.आ....࣊ࢯ.࣋..࣡.࣏࣌࣌࣌࣎.࣐....ࣷ..
.࣢..࣑.࣒ࢲࢱ.ࣹ...ࣣ..ࣀࣁࣦ࣓࣓࣓ࣻࣔ..ࣼ.ࣕ.......ࣖ࢟........ࣗ.ࣘऍࢳऎ...ࢡ࣪एࣙ..ࣿऀ.ँ...ࢴࣛ.ࣜࢵ...ࣝ..ࢤ࣭ࢥ࣯.ࣰ...ऒ.ࣞࣟ࣠ःࢺ...ࢹ.ࢼ....ࣳ...ࣉ..आ....ओ.क....࣡..छ࣏झ.ङ...ࣷ...
࣢.....ࢲ.ञࣸ.ࣹ..ࣤࣥ.ࣁࣦ.ࣂ..ࣻ..ࣼ.ण.ࣕथड.....द.....ध..ࣧࣧऍࣧ.ࣨऎࣨࣨ.ए࣪࣫..ࣿ.ऀ.ँ.ࢴ࣬.ࣚ.ब....ࣝ..࣭࣮.ࣰ...ऒ..य࣠.ࢺः.ࣱ..ࢼ....ࣲ.ࣳ.ࣉ...आ...ओ...क.ࣴࣵ...࣏छ.झࣶ..ࣷ.ळ..
.......ञࣸ...ࣹ..ࣥवࣀ.ࣂ.ࣺࣺࣺࣻࣼ.ठ.ण.ढथ.....ࣽद...ध..ࣾࣘऍ.....ऎ.ए.ࣩ࣫..ࣿ..ऀऺँ࣬..ऽब..़..ंंंं.....ऒ...࣠य...ःࣱऄ...अ.....ࣉ....आ..ओ.....क.इइइइग࣍छईझईई.ळ...
......ञ.....उ..ऴव.ऊ..ࣔ....ठ...णढࣕथऋ....ࣽद.ध.ऌࣾࣘऍ...े.ॆ.ए..ࣩ࣫......ॉऺ..ऐबऽऐ़.....ࣝ..ोऑऑऒ...࣠.ࣟय...ࣱ.ऄौअ....ॎ........ओ....औऔऔकॐखࣵग.ङचजࣶझ.ळ....
..॑..ञ॓.॒...उ.ऴࣥवࣤ.ऊ.....ठटटटड.ण..थऋ....ࣽध.ऌࣾ.....ॅ.ेन...ऩࣩ࣫.प...ॉ࣬फऺ.ब..ऽ...भ.....ोम.........र.ऱࣱ..अौ...लॎलल...ग़ढ़....ॠ.य़....ॐखॣ.ॡजचॢ।ळ.....
...॑..॥॓....उऴ..व.शशश३..षषषष...स..हहहह...८ऌࣾ.....ॅ.ॆ.ेन...ऩ.प...ॉ.फ..ऻ..़.ऽ.भ......ो........ार...ऱ.अॳॴौ...ॎ.....ग़.ढ़ि.ज़ॠय़......ॐखॣॡ.ॢ।..ी....
...ॹ॑.॒॥॓ुॻ.उ.......१ऊ३.ूूूृ...सॄॄॄॄतऋ...ॽ८.....ॅ.ॆ...ेन...प..ैॉॊफ..ऻ.....ঃभ......मो.....঄.ार.....ऱॳ..ॴ्..ॎॏ..ঈ.ग़.िढ़ज़.ॠ........ॐजॣॢ।ঌঋ..ी...
..ॹ..॒..॥॓.ॻ.....॔.१...३..ृ....स.....খ..ॽ..८...গ........न.प.ऩैঘॊफ..ऻ...ॖॕॕॕঃ.....मॗ.....঄.ार......ॳऱঞঠ्ॴঢक़क़क़ख़ঈख़ख़ग़ि.ज़ढ़य़ॠ..........ॢ।.ঌ....ी..
.ॹ.....ु.०..ॻ..ফ.॔१.....३ृ४....स......খॽ.५.७८९গ॰..........ॱ.ै.ঘॲ..ऻ..য.মॖ...ঃ....ॗ..র..঄.ा.......ॳ...ঞঠ.ॴঢ..ঈ.ॵॶि...ड़.फ़............ঋঌ.ॷ...ी.
ॹ.....ु.०঴.লॺॻ.ফ.॔.ষ.ॼॼॼॼ२হ४..........ॽখ..७.९গ॰..........ॱ.ै.ঽঘॲॾ..ঀ..যম.ॖ...ঃ..ॗ..র..঄..অঅঅিআআআ..ূুৃ.ঞঠৄইঢঈ.উউউউ.ঊঊঊঊ.फ़..........ঋ.ঌॷ......
ॸ...঍..०.ৈ঴঎঎েএফএ॔শষ..োঐঐঐহ঑४.঒...ও.ঔকককখ७.९গ॰..........ॱ৏...ঽঘॲ.ॾ.ॿঀ..য..ॖ..ঁংॗ৐.র......ঙচা.ি.ছ...ূ.ৃজঞডৄইণ.ॶॵ.....তততদধধধ঩.প...৓.৕ॷ.......
ॸ....঍०..লৈ঴ে..ফ.শ.ষ...ো..হ२.४.঒..ওঔ....७.९.॰.বববব.....ॱ৏ভভভভঽ.ॲ..ॾॿ.ঀ.ময....ঁ.৐.র.......চা.঱঱ি঱...ুূ.ৃডট.ৄইॶ.ॵ.......দ.থ.঩.প.....৓ॷ৕.......
ॸ.....঍.ল঳঳ৈ঴঵঵঵শ..ষসসসসো঑হ.....঒.ঔ......঺঺঺঺঻঻঻঻......৏.়়়়ঽ.....ॿ..ঀ......ঁ৐.ং.......চা.ঙ.ছ.িীীীু.ূডৃটণ.ৄই........দ...঩.প.ন.....৓.৕..৅৅৅৅
..৆৆৆৆.঍..ে.ৈ...৉৉৉৉.৊৊৊৊ো...ৌৌৌৌঔও....্্্্......ৎৎৎৎ.৏......................৐.........চ.৑৑৑৑........ড..ণজঝ.৒৒৒৒....দ...঩.প...ন.....৓.৕৔৔৔..
