Found 18 XMAS words:

....12222.
.333318...
...A..8...
..9.A.81.5
69677A8.54
9.....A5.4
C.F.B.I.GH
.C.F.D.I.H
..C.F.G.IH
.B.D.GEEEI
