29 : [13]
47 : [53, 13, 61, 29]
53 : [29, 13]
61 : [53, 13, 29]
75 : [53, 29, 61, 13, 47]
97 : [53, 75, 13, 61, 29, 47]
